[INFO] Scanning for projects...
[INFO] 
[INFO] ---------------------< com.labelingsystem:backend >---------------------
[INFO] Building  0.0.1-SNAPSHOT
[INFO]   from pom.xml
[INFO] --------------------------------[ jar ]---------------------------------
[INFO] 
[INFO] --- resources:3.3.1:resources (default-resources) @ backend ---
[INFO] Copying 1 resource from src\main\resources to target\classes
[INFO] Copying 0 resource from src\main\resources to target\classes
[INFO] 
[INFO] --- compiler:3.14.1:compile (default-compile) @ backend ---
[INFO] Recompiling the module because of changed source code.
[INFO] Compiling 133 source files with javac [debug parameters release 21] to target\classes
[INFO] Annotation processing is enabled because one or more processors were found
  on the class path. A future release of javac may disable annotation processing
  unless at least one processor is specified by name (-processor), or a search
  path is specified (--processor-path, --processor-module-path), or annotation
  processing is enabled explicitly (-proc:only, -proc:full).
  Use -Xlint:-options to suppress this message.
  Use -proc:none to disable annotation processing.
[INFO] /F:/CNPM/Data-Labeling-Support-System/backend/src/main/java/com/labelingsystem/backend/common/exception/GlobalExceptionHandler.java: F:\CNPM\Data-Labeling-Support-System\backend\src\main\java\com\labelingsystem\backend\common\exception\GlobalExceptionHandler.java uses or overrides a deprecated API.
[INFO] /F:/CNPM/Data-Labeling-Support-System/backend/src/main/java/com/labelingsystem/backend/common/exception/GlobalExceptionHandler.java: Recompile with -Xlint:deprecation for details.
[INFO] -------------------------------------------------------------
[WARNING] COMPILATION WARNING : 
[INFO] -------------------------------------------------------------
[WARNING] /F:/CNPM/Data-Labeling-Support-System/backend/src/main/java/com/labelingsystem/backend/modules/user/mapper/UserMapper.java:[21,10] Unmapped target properties: "id, status, deleted, createdAt, updatedAt, roles".
[WARNING] /F:/CNPM/Data-Labeling-Support-System/backend/src/main/java/com/labelingsystem/backend/modules/user/mapper/UserMapper.java:[29,10] Unmapped target property: "username".
[WARNING] /F:/CNPM/Data-Labeling-Support-System/backend/src/main/java/com/labelingsystem/backend/modules/project/mapper/ProjectMapper.java:[17,13] Unmapped target properties: "id, createdBy, deleted, status, createdAt, updatedAt".
[INFO] 3 warnings 
[INFO] -------------------------------------------------------------
[INFO] -------------------------------------------------------------
[ERROR] COMPILATION ERROR : 
[INFO] -------------------------------------------------------------
[ERROR] /F:/CNPM/Data-Labeling-Support-System/backend/src/main/java/com/labelingsystem/backend/modules/systemconfig/controller/SystemConfigController.java:[36,17] cannot find symbol
  symbol:   method result(com.labelingsystem.backend.modules.systemconfig.dto.response.StorageStatusResponse)
  location: class com.labelingsystem.backend.common.response.ApiResponse.ApiResponseBuilder<com.labelingsystem.backend.modules.systemconfig.dto.response.StorageStatusResponse>
[ERROR] /F:/CNPM/Data-Labeling-Support-System/backend/src/main/java/com/labelingsystem/backend/modules/systemconfig/controller/SystemConfigController.java:[45,17] cannot find symbol
  symbol:   method result(java.lang.String)
  location: class com.labelingsystem.backend.common.response.ApiResponse.ApiResponseBuilder<java.lang.String>
[INFO] 2 errors 
[INFO] -------------------------------------------------------------
[INFO] ------------------------------------------------------------------------
[INFO] BUILD FAILURE
[INFO] ------------------------------------------------------------------------
[INFO] Total time:  6.363 s
[INFO] Finished at: 2026-04-19T19:56:44+07:00
[INFO] ------------------------------------------------------------------------
[ERROR] Failed to execute goal org.apache.maven.plugins:maven-compiler-plugin:3.14.1:compile (default-compile) on project backend: Compilation failure: Compilation failure: 
[ERROR] /F:/CNPM/Data-Labeling-Support-System/backend/src/main/java/com/labelingsystem/backend/modules/systemconfig/controller/SystemConfigController.java:[36,17] cannot find symbol
[ERROR]   symbol:   method result(com.labelingsystem.backend.modules.systemconfig.dto.response.StorageStatusResponse)
[ERROR]   location: class com.labelingsystem.backend.common.response.ApiResponse.ApiResponseBuilder<com.labelingsystem.backend.modules.systemconfig.dto.response.StorageStatusResponse>
[ERROR] /F:/CNPM/Data-Labeling-Support-System/backend/src/main/java/com/labelingsystem/backend/modules/systemconfig/controller/SystemConfigController.java:[45,17] cannot find symbol
[ERROR]   symbol:   method result(java.lang.String)
[ERROR]   location: class com.labelingsystem.backend.common.response.ApiResponse.ApiResponseBuilder<java.lang.String>
[ERROR] -> [Help 1]
[ERROR] 
[ERROR] To see the full stack trace of the errors, re-run Maven with the -e switch.
[ERROR] Re-run Maven using the -X switch to enable full debug logging.
[ERROR] 
[ERROR] For more information about the errors and possible solutions, please read the following articles:
[ERROR] [Help 1] http://cwiki.apache.org/confluence/display/MAVEN/MojoFailureException
